[backblue.gif]
[fade.gif]
[index.html]
[www.hawaii4two.com/bwana2.nvm]
[www.hawaii4two.com/bwana2.jpg]
[www.hawaii4two.com/topmen.nvm]
[www.hawaii4two.com/topmen.gif]
[www.hawaii4two.com/aloha.jpg]
[www.hawaii4two.com/pic-1.jpg]
[www.hawaii4two.com/pic-3.jpg]
[www.hawaii4two.com/pic-2.jpg]
[www.hawaii4two.com/dabwana.jpg]
[www.hawaii4two.com/dabwana2.jpg]
[www.hawaii4two.com/couple.jpg]
[www.hawaii4two.com/side.jpg]
[www.hawaii4two.com/virtour.jpg]
[www.hawaii4two.com/sp4.gif]
[www.hawaii4two.com/photo.jpg]
[www.hawaii4two.com/innslogo.jpg]
[www.hawaii4two.com/rentalo.jpg]
[www.hawaii4two.com/vrbo.jpg]
[www.hawaii4two.com/blubar.gif]
[www.hawaii4two.com/index.html]
[www.hawaii4two.com/index-2.html]
[www.hawaii4two.com/message.jpg]
[www.hawaii4two.com/cnthd.gif]
[www.hawaii4two.com/contact.html]
[www.hawaii4two.com/link2.jpg]
[www.hawaii4two.com/lnkhd.gif]
[www.hawaii4two.com/links.html]
[www.hawaii4two.com/where.jpg]
[www.hawaii4two.com/whd.gif]
[www.hawaii4two.com/bwanas.jpg]
[www.hawaii4two.com/where.html]
[www.hawaii4two.com/coupl2.jpg]
[www.hawaii4two.com/acthd.gif]
[www.hawaii4two.com/puuo.jpg]
[www.hawaii4two.com/konashop.jpg]
[www.hawaii4two.com/activ.html]
[www.hawaii4two.com/spencer.jpg]
[www.hawaii4two.com/galhd.gif]
[www.hawaii4two.com/cottage.jpg]
[www.hawaii4two.com/gecko.jpg]
[www.hawaii4two.com/lily.jpg]
[www.hawaii4two.com/sunset.jpg]
[www.hawaii4two.com/honaunau.jpg]
[www.hawaii4two.com/ginger.jpg]
[www.hawaii4two.com/pond.jpg]
[www.hawaii4two.com/hibisc.jpg]
[www.hawaii4two.com/gallery.html]
[www.hawaii4two.com/cott3.jpg]
[www.hawaii4two.com/revhd.gif]
[www.hawaii4two.com/tigersm.jpg]
[www.hawaii4two.com/reviews.html]
[www.hawaii4two.com/maphd.gif]
[www.hawaii4two.com/konamap.jpg]
[www.hawaii4two.com/map.html]
[www.hawaii4two.com/lei.jpg]
[www.hawaii4two.com/amenhd.gif]
[www.hawaii4two.com/amenities.html]
[www.hawaii4two.com/calendar2.jpg]
[www.hawaii4two.com/rthd.gif]
[www.hawaii4two.com/rates.html]
[www.hawaii4two.com/bbhd.gif]
[www.hawaii4two.com/bb1-tn.jpg]
[www.hawaii4two.com/jchd.gif]
[www.hawaii4two.com/jc1-tn.jpg]
[www.hawaii4two.com/cottages.html]
[www.hawaii4two.com/re.jpg]
[www.hawaii4two.com/reshd.gif]
[www.hawaii4two.com/res.html]
[www.hawaii4two.com/dial_up.gif]
[www.hawaii4two.com/selectbw.html]
[www.hawaii4two.com/broadband.gif]
[www.hawaii4two.com/JC1.jpg]
[www.hawaii4two.com/JC3.jpg]
[www.hawaii4two.com/jc3-tn.jpg]
[www.hawaii4two.com/JCpathway.jpg]
[www.hawaii4two.com/jcpat-tn.jpg]
[www.hawaii4two.com/JCview.jpg]
[www.hawaii4two.com/jcvw-tn.jpg]
[www.hawaii4two.com/jungle.html]
[www.hawaii4two.com/bb1.jpg]
[www.hawaii4two.com/bb2.jpg]
[www.hawaii4two.com/bb2-tn.jpg]
[www.hawaii4two.com/bb4.jpg]
[www.hawaii4two.com/bb4-tn.jpg]
[www.hawaii4two.com/banana.html]
[www.hawaii4two.com/anthur.jpg]
[www.hawaii4two.com/sitehd.gif]
[www.hawaii4two.com/sitemap.html]
[www.hawaii4two.com/helicon.jpg]
[www.hawaii4two.com/honu.jpg]
[www.hawaii4two.com/coffeetree.jpg]
[www.hawaii4two.com/jackson.jpg]
[www.hawaii4two.com/orchids.jpg]
[www.hawaii4two.com/pineapple.jpg]
[www.hawaii4two.com/jade.jpg]
[www.hawaii4two.com/torch.jpg]
[www.hawaii4two.com/gall2.html]
[www.hawaii4two.com/vthd.gif]
[www.hawaii4two.com/tour.jpg]
[www.hawaii4two.com/vtt1.gif]
[www.hawaii4two.com/vtt2.gif]
[www.hawaii4two.com/vtt3.gif]
[www.hawaii4two.com/vtt4.gif]
[www.hawaii4two.com/vtt5.gif]
[www.hawaii4two.com/vtt6.gif]
[www.hawaii4two.com/vtt7.gif]
[www.hawaii4two.com/vtt10.gif]
[www.hawaii4two.com/tourx.html]
[www.hawaii4two.com/tourhome.html]
[www.hawaii4two.com/activities.html]
[www.hawaii4two.com/bwana2.html]
[www.hawaii4two.com/pmvr.class]
[www.hawaii4two.com/tour1x.html]
[www.hawaii4two.com/tour1x.jpg]
[www.hawaii4two.com/tour3x.jpg]
[www.hawaii4two.com/tour3x.html]
[www.hawaii4two.com/tour2x.jpg]
[www.hawaii4two.com/tour2x.html]
[www.hawaii4two.com/tour4x.jpg]
[www.hawaii4two.com/tour4x.html]
[www.hawaii4two.com/tour5x.jpg]
[www.hawaii4two.com/tour5x.html]
[www.hawaii4two.com/tour6x.jpg]
[www.hawaii4two.com/tour6x.html]
[www.hawaii4two.com/tour7x.jpg]
[www.hawaii4two.com/tour7x.html]
[www.hawaii4two.com/tour10x.jpg]
[www.hawaii4two.com/tour10x.html]
[www.hawaii4two.com/tour1.jpg]
[www.hawaii4two.com/tour1.html]
[www.hawaii4two.com/tour3.jpg]
[www.hawaii4two.com/tour3.html]
[www.hawaii4two.com/tour2.jpg]
[www.hawaii4two.com/tour2.html]
[www.hawaii4two.com/tour4.jpg]
[www.hawaii4two.com/tour4.html]
[www.hawaii4two.com/tour5.jpg]
[www.hawaii4two.com/tour5.html]
[www.hawaii4two.com/tour6.jpg]
[www.hawaii4two.com/tour6.html]
[www.hawaii4two.com/tour7.jpg]
[www.hawaii4two.com/tour7.html]
[www.hawaii4two.com/tour10.jpg]
[www.hawaii4two.com/tour10.html]
